[0.129s] DEBUG:colcon:Command line arguments: ['/usr/bin/colcon', 'build', '--packages-select', 'line_follower_robot', '--symlink-install']
[0.129s] DEBUG:colcon:Parsed command line arguments: Namespace(log_base=None, log_level=None, verb_name='build', build_base='build', install_base='install', merge_install=False, symlink_install=True, test_result_base=None, continue_on_error=False, executor='parallel', parallel_workers=8, event_handlers=None, ignore_user_meta=False, metas=['./colcon.meta'], base_paths=['.'], packages_ignore=None, packages_ignore_regex=None, paths=None, packages_up_to=None, packages_up_to_regex=None, packages_above=None, packages_above_and_dependencies=None, packages_above_depth=None, packages_select_by_dep=None, packages_skip_by_dep=None, packages_skip_up_to=None, packages_select_build_failed=False, packages_skip_build_finished=False, packages_select_test_failures=False, packages_skip_test_passed=False, packages_select=['line_follower_robot'], packages_skip=None, packages_select_regex=None, packages_skip_regex=None, packages_start=None, packages_end=None, allow_overriding=[], cmake_args=None, cmake_target=None, cmake_target_skip_unavailable=False, cmake_clean_cache=False, cmake_clean_first=False, cmake_force_configure=False, ament_cmake_args=None, catkin_cmake_args=None, catkin_skip_building_tests=False, mixin_files=None, mixin=None, verb_parser=<colcon_mixin.mixin.mixin_argument.MixinArgumentDecorator object at 0x7a972f0886d0>, verb_extension=<colcon_core.verb.build.BuildVerb object at 0x7a972f088070>, main=<bound method BuildVerb.main of <colcon_core.verb.build.BuildVerb object at 0x7a972f088070>>, mixin_verb=('build',))
[0.310s] Level 1:colcon.colcon_core.package_discovery:discover_packages(colcon_meta) check parameters
[0.310s] Level 1:colcon.colcon_core.package_discovery:discover_packages(recursive) check parameters
[0.310s] Level 1:colcon.colcon_core.package_discovery:discover_packages(ignore) check parameters
[0.310s] Level 1:colcon.colcon_core.package_discovery:discover_packages(path) check parameters
[0.310s] Level 1:colcon.colcon_core.package_discovery:discover_packages(colcon_meta) discover
[0.310s] Level 1:colcon.colcon_core.package_discovery:discover_packages(recursive) discover
[0.310s] INFO:colcon.colcon_core.package_discovery:Crawling recursively for packages in '/home/pes1ug23cs679/mars_anti'
[0.310s] Level 1:colcon.colcon_core.package_identification:_identify(.) by extensions ['ignore', 'ignore_ament_install']
[0.311s] Level 1:colcon.colcon_core.package_identification:_identify(.) by extension 'ignore'
[0.311s] Level 1:colcon.colcon_core.package_identification:_identify(.) by extension 'ignore_ament_install'
[0.311s] Level 1:colcon.colcon_core.package_identification:_identify(.) by extensions ['colcon_pkg']
[0.311s] Level 1:colcon.colcon_core.package_identification:_identify(.) by extension 'colcon_pkg'
[0.311s] Level 1:colcon.colcon_core.package_identification:_identify(.) by extensions ['colcon_meta']
[0.311s] Level 1:colcon.colcon_core.package_identification:_identify(.) by extension 'colcon_meta'
[0.311s] Level 1:colcon.colcon_core.package_identification:_identify(.) by extensions ['ros']
[0.311s] Level 1:colcon.colcon_core.package_identification:_identify(.) by extension 'ros'
[0.320s] Level 1:colcon.colcon_core.package_identification:_identify(.) by extensions ['cmake', 'python']
[0.320s] Level 1:colcon.colcon_core.package_identification:_identify(.) by extension 'cmake'
[0.320s] Level 1:colcon.colcon_core.package_identification:_identify(.) by extension 'python'
[0.320s] Level 1:colcon.colcon_core.package_identification:_identify(.) by extensions ['python_setup_py']
[0.320s] Level 1:colcon.colcon_core.package_identification:_identify(.) by extension 'python_setup_py'
[0.320s] Level 1:colcon.colcon_core.package_identification:_identify(build) by extensions ['ignore', 'ignore_ament_install']
[0.320s] Level 1:colcon.colcon_core.package_identification:_identify(build) by extension 'ignore'
[0.320s] Level 1:colcon.colcon_core.package_identification:_identify(build) ignored
[0.321s] Level 1:colcon.colcon_core.package_identification:_identify(install) by extensions ['ignore', 'ignore_ament_install']
[0.321s] Level 1:colcon.colcon_core.package_identification:_identify(install) by extension 'ignore'
[0.321s] Level 1:colcon.colcon_core.package_identification:_identify(install) ignored
[0.321s] Level 1:colcon.colcon_core.package_identification:_identify(log) by extensions ['ignore', 'ignore_ament_install']
[0.321s] Level 1:colcon.colcon_core.package_identification:_identify(log) by extension 'ignore'
[0.321s] Level 1:colcon.colcon_core.package_identification:_identify(log) ignored
[0.321s] Level 1:colcon.colcon_core.package_identification:_identify(src) by extensions ['ignore', 'ignore_ament_install']
[0.321s] Level 1:colcon.colcon_core.package_identification:_identify(src) by extension 'ignore'
[0.322s] Level 1:colcon.colcon_core.package_identification:_identify(src) by extension 'ignore_ament_install'
[0.322s] Level 1:colcon.colcon_core.package_identification:_identify(src) by extensions ['colcon_pkg']
[0.322s] Level 1:colcon.colcon_core.package_identification:_identify(src) by extension 'colcon_pkg'
[0.322s] Level 1:colcon.colcon_core.package_identification:_identify(src) by extensions ['colcon_meta']
[0.322s] Level 1:colcon.colcon_core.package_identification:_identify(src) by extension 'colcon_meta'
[0.322s] Level 1:colcon.colcon_core.package_identification:_identify(src) by extensions ['ros']
[0.322s] Level 1:colcon.colcon_core.package_identification:_identify(src) by extension 'ros'
[0.322s] Level 1:colcon.colcon_core.package_identification:_identify(src) by extensions ['cmake', 'python']
[0.322s] Level 1:colcon.colcon_core.package_identification:_identify(src) by extension 'cmake'
[0.322s] Level 1:colcon.colcon_core.package_identification:_identify(src) by extension 'python'
[0.322s] Level 1:colcon.colcon_core.package_identification:_identify(src) by extensions ['python_setup_py']
[0.322s] Level 1:colcon.colcon_core.package_identification:_identify(src) by extension 'python_setup_py'
[0.322s] Level 1:colcon.colcon_core.package_identification:_identify(src/line_follower_robot) by extensions ['ignore', 'ignore_ament_install']
[0.322s] Level 1:colcon.colcon_core.package_identification:_identify(src/line_follower_robot) by extension 'ignore'
[0.322s] Level 1:colcon.colcon_core.package_identification:_identify(src/line_follower_robot) by extension 'ignore_ament_install'
[0.323s] Level 1:colcon.colcon_core.package_identification:_identify(src/line_follower_robot) by extensions ['colcon_pkg']
[0.323s] Level 1:colcon.colcon_core.package_identification:_identify(src/line_follower_robot) by extension 'colcon_pkg'
[0.323s] Level 1:colcon.colcon_core.package_identification:_identify(src/line_follower_robot) by extensions ['colcon_meta']
[0.323s] Level 1:colcon.colcon_core.package_identification:_identify(src/line_follower_robot) by extension 'colcon_meta'
[0.323s] Level 1:colcon.colcon_core.package_identification:_identify(src/line_follower_robot) by extensions ['ros']
[0.323s] Level 1:colcon.colcon_core.package_identification:_identify(src/line_follower_robot) by extension 'ros'
[0.333s] DEBUG:colcon.colcon_core.package_identification:Package 'src/line_follower_robot' with type 'ros.ament_python' and name 'line_follower_robot'
[0.333s] Level 1:colcon.colcon_core.package_discovery:discover_packages(recursive) using defaults
[0.333s] Level 1:colcon.colcon_core.package_discovery:discover_packages(ignore) discover
[0.333s] Level 1:colcon.colcon_core.package_discovery:discover_packages(ignore) using defaults
[0.333s] Level 1:colcon.colcon_core.package_discovery:discover_packages(path) discover
[0.333s] Level 1:colcon.colcon_core.package_discovery:discover_packages(path) using defaults
[0.350s] Level 1:colcon.colcon_core.package_discovery:discover_packages(prefix_path) check parameters
[0.350s] Level 1:colcon.colcon_core.package_discovery:discover_packages(prefix_path) discover
[0.352s] DEBUG:colcon.colcon_installed_package_information.package_discovery:Found 16 installed packages in /home/pes1ug23cs679/turtlebot3_ws/install
[0.353s] DEBUG:colcon.colcon_installed_package_information.package_discovery:Found 1 installed packages in /home/pes1ug23cs679/dev_ws/install
[0.353s] DEBUG:colcon.colcon_installed_package_information.package_discovery:Found 2 installed packages in /home/pes1ug23cs679/ros2_ws/install
[0.355s] DEBUG:colcon.colcon_installed_package_information.package_discovery:Found 475 installed packages in /opt/ros/humble
[0.358s] Level 1:colcon.colcon_core.package_discovery:discover_packages(prefix_path) using defaults
[0.410s] Level 5:colcon.colcon_core.verb:set package 'line_follower_robot' build argument 'cmake_args' from command line to 'None'
[0.410s] Level 5:colcon.colcon_core.verb:set package 'line_follower_robot' build argument 'cmake_target' from command line to 'None'
[0.410s] Level 5:colcon.colcon_core.verb:set package 'line_follower_robot' build argument 'cmake_target_skip_unavailable' from command line to 'False'
[0.410s] Level 5:colcon.colcon_core.verb:set package 'line_follower_robot' build argument 'cmake_clean_cache' from command line to 'False'
[0.410s] Level 5:colcon.colcon_core.verb:set package 'line_follower_robot' build argument 'cmake_clean_first' from command line to 'False'
[0.410s] Level 5:colcon.colcon_core.verb:set package 'line_follower_robot' build argument 'cmake_force_configure' from command line to 'False'
[0.410s] Level 5:colcon.colcon_core.verb:set package 'line_follower_robot' build argument 'ament_cmake_args' from command line to 'None'
[0.410s] Level 5:colcon.colcon_core.verb:set package 'line_follower_robot' build argument 'catkin_cmake_args' from command line to 'None'
[0.410s] Level 5:colcon.colcon_core.verb:set package 'line_follower_robot' build argument 'catkin_skip_building_tests' from command line to 'False'
[0.410s] DEBUG:colcon.colcon_core.verb:Building package 'line_follower_robot' with the following arguments: {'ament_cmake_args': None, 'build_base': '/home/pes1ug23cs679/mars_anti/build/line_follower_robot', 'catkin_cmake_args': None, 'catkin_skip_building_tests': False, 'cmake_args': None, 'cmake_clean_cache': False, 'cmake_clean_first': False, 'cmake_force_configure': False, 'cmake_target': None, 'cmake_target_skip_unavailable': False, 'install_base': '/home/pes1ug23cs679/mars_anti/install/line_follower_robot', 'merge_install': False, 'path': '/home/pes1ug23cs679/mars_anti/src/line_follower_robot', 'symlink_install': True, 'test_result_base': None}
[0.411s] INFO:colcon.colcon_core.executor:Executing jobs using 'parallel' executor
[0.412s] DEBUG:colcon.colcon_parallel_executor.executor.parallel:run_until_complete
[0.412s] INFO:colcon.colcon_ros.task.ament_python.build:Building ROS package in '/home/pes1ug23cs679/mars_anti/src/line_follower_robot' with build type 'ament_python'
[0.412s] Level 1:colcon.colcon_core.shell:create_environment_hook('line_follower_robot', 'ament_prefix_path')
[0.414s] INFO:colcon.colcon_core.plugin_system:Skipping extension 'colcon_core.shell.bat': Not used on non-Windows systems
[0.415s] INFO:colcon.colcon_core.shell:Creating environment hook '/home/pes1ug23cs679/mars_anti/install/line_follower_robot/share/line_follower_robot/hook/ament_prefix_path.ps1'
[0.415s] INFO:colcon.colcon_core.shell:Creating environment descriptor '/home/pes1ug23cs679/mars_anti/install/line_follower_robot/share/line_follower_robot/hook/ament_prefix_path.dsv'
[0.416s] INFO:colcon.colcon_core.shell:Creating environment hook '/home/pes1ug23cs679/mars_anti/install/line_follower_robot/share/line_follower_robot/hook/ament_prefix_path.sh'
[0.417s] INFO:colcon.colcon_core.shell:Skip shell extension 'powershell' for command environment: Not usable outside of PowerShell
[0.417s] DEBUG:colcon.colcon_core.shell:Skip shell extension 'dsv' for command environment
[0.727s] INFO:colcon.colcon_core.task.python.build:Building Python package in '/home/pes1ug23cs679/mars_anti/src/line_follower_robot'
[0.727s] INFO:colcon.colcon_core.shell:Skip shell extension 'powershell' for command environment: Not usable outside of PowerShell
[0.727s] DEBUG:colcon.colcon_core.shell:Skip shell extension 'dsv' for command environment
[1.101s] DEBUG:colcon.colcon_core.event_handler.log_command:Invoking command in '/home/pes1ug23cs679/mars_anti/build/line_follower_robot': PYTHONPATH=/home/pes1ug23cs679/mars_anti/build/line_follower_robot/prefix_override:/usr/lib/python3/dist-packages/colcon_core/task/python/colcon_distutils_commands:/home/pes1ug23cs679/mars_anti/install/line_follower_robot/lib/python3.10/site-packages:${PYTHONPATH} /usr/bin/python3 -W ignore:setup.py install is deprecated -W ignore:easy_install command is deprecated setup.py develop --editable --build-directory /home/pes1ug23cs679/mars_anti/build/line_follower_robot/build --no-deps symlink_data
[1.651s] Level 1:colcon.colcon_core.shell:create_environment_hook('line_follower_robot', 'pythonpath_develop')
[1.651s] INFO:colcon.colcon_core.shell:Creating environment hook '/home/pes1ug23cs679/mars_anti/build/line_follower_robot/share/line_follower_robot/hook/pythonpath_develop.ps1'
[1.652s] DEBUG:colcon.colcon_core.event_handler.log_command:Invoked command in '/home/pes1ug23cs679/mars_anti/build/line_follower_robot' returned '0': PYTHONPATH=/home/pes1ug23cs679/mars_anti/build/line_follower_robot/prefix_override:/usr/lib/python3/dist-packages/colcon_core/task/python/colcon_distutils_commands:/home/pes1ug23cs679/mars_anti/install/line_follower_robot/lib/python3.10/site-packages:${PYTHONPATH} /usr/bin/python3 -W ignore:setup.py install is deprecated -W ignore:easy_install command is deprecated setup.py develop --editable --build-directory /home/pes1ug23cs679/mars_anti/build/line_follower_robot/build --no-deps symlink_data
[1.652s] INFO:colcon.colcon_core.shell:Creating environment descriptor '/home/pes1ug23cs679/mars_anti/build/line_follower_robot/share/line_follower_robot/hook/pythonpath_develop.dsv'
[1.653s] INFO:colcon.colcon_core.shell:Creating environment hook '/home/pes1ug23cs679/mars_anti/build/line_follower_robot/share/line_follower_robot/hook/pythonpath_develop.sh'
[1.655s] Level 1:colcon.colcon_core.environment:checking '/home/pes1ug23cs679/mars_anti/install/line_follower_robot' for CMake module files
[1.656s] Level 1:colcon.colcon_core.environment:checking '/home/pes1ug23cs679/mars_anti/install/line_follower_robot' for CMake config files
[1.657s] Level 1:colcon.colcon_core.environment:checking '/home/pes1ug23cs679/mars_anti/install/line_follower_robot/lib'
[1.657s] Level 1:colcon.colcon_core.environment:checking '/home/pes1ug23cs679/mars_anti/install/line_follower_robot/bin'
[1.657s] Level 1:colcon.colcon_core.environment:checking '/home/pes1ug23cs679/mars_anti/install/line_follower_robot/lib/pkgconfig/line_follower_robot.pc'
[1.657s] Level 1:colcon.colcon_core.environment:checking '/home/pes1ug23cs679/mars_anti/install/line_follower_robot/lib/python3.10/site-packages'
[1.657s] Level 1:colcon.colcon_core.shell:create_environment_hook('line_follower_robot', 'pythonpath')
[1.658s] INFO:colcon.colcon_core.shell:Creating environment hook '/home/pes1ug23cs679/mars_anti/install/line_follower_robot/share/line_follower_robot/hook/pythonpath.ps1'
[1.658s] INFO:colcon.colcon_core.shell:Creating environment descriptor '/home/pes1ug23cs679/mars_anti/install/line_follower_robot/share/line_follower_robot/hook/pythonpath.dsv'
[1.658s] INFO:colcon.colcon_core.shell:Creating environment hook '/home/pes1ug23cs679/mars_anti/install/line_follower_robot/share/line_follower_robot/hook/pythonpath.sh'
[1.659s] Level 1:colcon.colcon_core.environment:checking '/home/pes1ug23cs679/mars_anti/install/line_follower_robot/bin'
[1.659s] Level 1:colcon.colcon_core.environment:create_environment_scripts_only(line_follower_robot)
[1.659s] INFO:colcon.colcon_core.shell:Creating package script '/home/pes1ug23cs679/mars_anti/install/line_follower_robot/share/line_follower_robot/package.ps1'
[1.660s] INFO:colcon.colcon_core.shell:Creating package descriptor '/home/pes1ug23cs679/mars_anti/install/line_follower_robot/share/line_follower_robot/package.dsv'
[1.661s] INFO:colcon.colcon_core.shell:Creating package script '/home/pes1ug23cs679/mars_anti/install/line_follower_robot/share/line_follower_robot/package.sh'
[1.662s] INFO:colcon.colcon_core.shell:Creating package script '/home/pes1ug23cs679/mars_anti/install/line_follower_robot/share/line_follower_robot/package.bash'
[1.662s] INFO:colcon.colcon_core.shell:Creating package script '/home/pes1ug23cs679/mars_anti/install/line_follower_robot/share/line_follower_robot/package.zsh'
[1.663s] Level 1:colcon.colcon_core.environment:create_file_with_runtime_dependencies(/home/pes1ug23cs679/mars_anti/install/line_follower_robot/share/colcon-core/packages/line_follower_robot)
[1.663s] DEBUG:colcon.colcon_parallel_executor.executor.parallel:closing loop
[1.664s] DEBUG:colcon.colcon_parallel_executor.executor.parallel:loop closed
[1.664s] DEBUG:colcon.colcon_parallel_executor.executor.parallel:run_until_complete finished with '0'
[1.664s] DEBUG:colcon.colcon_core.event_reactor:joining thread
[1.669s] INFO:colcon.colcon_core.plugin_system:Skipping extension 'colcon_notification.desktop_notification.terminal_notifier': Not used on non-Darwin systems
[1.669s] INFO:colcon.colcon_core.plugin_system:Skipping extension 'colcon_notification.desktop_notification.win32': Not used on non-Windows systems
[1.669s] INFO:colcon.colcon_notification.desktop_notification:Sending desktop notification using 'notify2'
[1.684s] DEBUG:colcon.colcon_core.event_reactor:joined thread
[1.684s] INFO:colcon.colcon_core.shell:Creating prefix script '/home/pes1ug23cs679/mars_anti/install/local_setup.ps1'
[1.686s] INFO:colcon.colcon_core.shell:Creating prefix util module '/home/pes1ug23cs679/mars_anti/install/_local_setup_util_ps1.py'
[1.688s] INFO:colcon.colcon_core.shell:Creating prefix chain script '/home/pes1ug23cs679/mars_anti/install/setup.ps1'
[1.690s] INFO:colcon.colcon_core.shell:Creating prefix script '/home/pes1ug23cs679/mars_anti/install/local_setup.sh'
[1.691s] INFO:colcon.colcon_core.shell:Creating prefix util module '/home/pes1ug23cs679/mars_anti/install/_local_setup_util_sh.py'
[1.691s] INFO:colcon.colcon_core.shell:Creating prefix chain script '/home/pes1ug23cs679/mars_anti/install/setup.sh'
[1.694s] INFO:colcon.colcon_core.shell:Creating prefix script '/home/pes1ug23cs679/mars_anti/install/local_setup.bash'
[1.695s] INFO:colcon.colcon_core.shell:Creating prefix chain script '/home/pes1ug23cs679/mars_anti/install/setup.bash'
[1.697s] INFO:colcon.colcon_core.shell:Creating prefix script '/home/pes1ug23cs679/mars_anti/install/local_setup.zsh'
[1.697s] INFO:colcon.colcon_core.shell:Creating prefix chain script '/home/pes1ug23cs679/mars_anti/install/setup.zsh'
