[0.987s] Invoking command in '/home/pes1ug23cs679/mars_anti2/build/line_tracker': PYTHONPATH=/home/pes1ug23cs679/mars_anti2/build/line_tracker/prefix_override:/usr/lib/python3/dist-packages/colcon_core/task/python/colcon_distutils_commands:/home/pes1ug23cs679/mars_anti2/install/line_tracker/lib/python3.10/site-packages:${PYTHONPATH} /usr/bin/python3 -W ignore:setup.py install is deprecated -W ignore:easy_install command is deprecated setup.py develop --editable --build-directory /home/pes1ug23cs679/mars_anti2/build/line_tracker/build --no-deps symlink_data
[1.347s] running develop
[1.603s] running egg_info
[1.603s] creating line_tracker.egg-info
[1.603s] writing line_tracker.egg-info/PKG-INFO
[1.604s] writing dependency_links to line_tracker.egg-info/dependency_links.txt
[1.604s] writing entry points to line_tracker.egg-info/entry_points.txt
[1.604s] writing requirements to line_tracker.egg-info/requires.txt
[1.604s] writing top-level names to line_tracker.egg-info/top_level.txt
[1.605s] writing manifest file 'line_tracker.egg-info/SOURCES.txt'
[1.606s] reading manifest file 'line_tracker.egg-info/SOURCES.txt'
[1.607s] writing manifest file 'line_tracker.egg-info/SOURCES.txt'
[1.609s] running build_ext
[1.609s] Creating /home/pes1ug23cs679/mars_anti2/install/line_tracker/lib/python3.10/site-packages/line-tracker.egg-link (link to .)
[1.610s] Installing controller script to /home/pes1ug23cs679/mars_anti2/install/line_tracker/lib/line_tracker
[1.610s] Installing line_detector script to /home/pes1ug23cs679/mars_anti2/install/line_tracker/lib/line_tracker
[1.610s] Installing obstacle_detector script to /home/pes1ug23cs679/mars_anti2/install/line_tracker/lib/line_tracker
[1.610s] 
[1.610s] Installed /home/pes1ug23cs679/mars_anti2/build/line_tracker
[1.610s] running symlink_data
[1.610s] creating /home/pes1ug23cs679/mars_anti2/install/line_tracker/share/ament_index
[1.610s] creating /home/pes1ug23cs679/mars_anti2/install/line_tracker/share/ament_index/resource_index
[1.610s] creating /home/pes1ug23cs679/mars_anti2/install/line_tracker/share/ament_index/resource_index/packages
[1.611s] symbolically linking /home/pes1ug23cs679/mars_anti2/build/line_tracker/resource/line_tracker -> /home/pes1ug23cs679/mars_anti2/install/line_tracker/share/ament_index/resource_index/packages
[1.611s] symbolically linking /home/pes1ug23cs679/mars_anti2/build/line_tracker/package.xml -> /home/pes1ug23cs679/mars_anti2/install/line_tracker/share/line_tracker
[1.611s] creating /home/pes1ug23cs679/mars_anti2/install/line_tracker/share/line_tracker/launch
[1.611s] symbolically linking /home/pes1ug23cs679/mars_anti2/build/line_tracker/launch/simulation.launch.py -> /home/pes1ug23cs679/mars_anti2/install/line_tracker/share/line_tracker/launch
[1.611s] creating /home/pes1ug23cs679/mars_anti2/install/line_tracker/share/line_tracker/worlds
[1.611s] symbolically linking /home/pes1ug23cs679/mars_anti2/build/line_tracker/worlds/line_world.world -> /home/pes1ug23cs679/mars_anti2/install/line_tracker/share/line_tracker/worlds
[1.611s] creating /home/pes1ug23cs679/mars_anti2/install/line_tracker/share/line_tracker/urdf
[1.611s] symbolically linking /home/pes1ug23cs679/mars_anti2/build/line_tracker/urdf/turtlebot3_burger.urdf -> /home/pes1ug23cs679/mars_anti2/install/line_tracker/share/line_tracker/urdf
[1.611s] creating /home/pes1ug23cs679/mars_anti2/install/line_tracker/share/line_tracker/config
[1.611s] symbolically linking /home/pes1ug23cs679/mars_anti2/build/line_tracker/config/rviz_config.rviz -> /home/pes1ug23cs679/mars_anti2/install/line_tracker/share/line_tracker/config
[1.666s] Invoked command in '/home/pes1ug23cs679/mars_anti2/build/line_tracker' returned '0': PYTHONPATH=/home/pes1ug23cs679/mars_anti2/build/line_tracker/prefix_override:/usr/lib/python3/dist-packages/colcon_core/task/python/colcon_distutils_commands:/home/pes1ug23cs679/mars_anti2/install/line_tracker/lib/python3.10/site-packages:${PYTHONPATH} /usr/bin/python3 -W ignore:setup.py install is deprecated -W ignore:easy_install command is deprecated setup.py develop --editable --build-directory /home/pes1ug23cs679/mars_anti2/build/line_tracker/build --no-deps symlink_data
