[0.100s] DEBUG:colcon:Command line arguments: ['/usr/bin/colcon', 'build', '--packages-select', 'line_tracker']
[0.100s] DEBUG:colcon:Parsed command line arguments: Namespace(log_base=None, log_level=None, verb_name='build', build_base='build', install_base='install', merge_install=False, symlink_install=False, test_result_base=None, continue_on_error=False, executor='parallel', parallel_workers=8, event_handlers=None, ignore_user_meta=False, metas=['./colcon.meta'], base_paths=['.'], packages_ignore=None, packages_ignore_regex=None, paths=None, packages_up_to=None, packages_up_to_regex=None, packages_above=None, packages_above_and_dependencies=None, packages_above_depth=None, packages_select_by_dep=None, packages_skip_by_dep=None, packages_skip_up_to=None, packages_select_build_failed=False, packages_skip_build_finished=False, packages_select_test_failures=False, packages_skip_test_passed=False, packages_select=['line_tracker'], packages_skip=None, packages_select_regex=None, packages_skip_regex=None, packages_start=None, packages_end=None, allow_overriding=[], cmake_args=None, cmake_target=None, cmake_target_skip_unavailable=False, cmake_clean_cache=False, cmake_clean_first=False, cmake_force_configure=False, ament_cmake_args=None, catkin_cmake_args=None, catkin_skip_building_tests=False, mixin_files=None, mixin=None, verb_parser=<colcon_mixin.mixin.mixin_argument.MixinArgumentDecorator object at 0x75cd104945e0>, verb_extension=<colcon_core.verb.build.BuildVerb object at 0x75cd10463f40>, main=<bound method BuildVerb.main of <colcon_core.verb.build.BuildVerb object at 0x75cd10463f40>>, mixin_verb=('build',))
[0.264s] Level 1:colcon.colcon_core.package_discovery:discover_packages(colcon_meta) check parameters
[0.264s] Level 1:colcon.colcon_core.package_discovery:discover_packages(recursive) check parameters
[0.264s] Level 1:colcon.colcon_core.package_discovery:discover_packages(ignore) check parameters
[0.264s] Level 1:colcon.colcon_core.package_discovery:discover_packages(path) check parameters
[0.264s] Level 1:colcon.colcon_core.package_discovery:discover_packages(colcon_meta) discover
[0.264s] Level 1:colcon.colcon_core.package_discovery:discover_packages(recursive) discover
[0.264s] INFO:colcon.colcon_core.package_discovery:Crawling recursively for packages in '/home/pes1ug23cs679/mars_anti2'
[0.264s] Level 1:colcon.colcon_core.package_identification:_identify(.) by extensions ['ignore', 'ignore_ament_install']
[0.264s] Level 1:colcon.colcon_core.package_identification:_identify(.) by extension 'ignore'
[0.264s] Level 1:colcon.colcon_core.package_identification:_identify(.) by extension 'ignore_ament_install'
[0.264s] Level 1:colcon.colcon_core.package_identification:_identify(.) by extensions ['colcon_pkg']
[0.264s] Level 1:colcon.colcon_core.package_identification:_identify(.) by extension 'colcon_pkg'
[0.264s] Level 1:colcon.colcon_core.package_identification:_identify(.) by extensions ['colcon_meta']
[0.264s] Level 1:colcon.colcon_core.package_identification:_identify(.) by extension 'colcon_meta'
[0.264s] Level 1:colcon.colcon_core.package_identification:_identify(.) by extensions ['ros']
[0.264s] Level 1:colcon.colcon_core.package_identification:_identify(.) by extension 'ros'
[0.274s] Level 1:colcon.colcon_core.package_identification:_identify(.) by extensions ['cmake', 'python']
[0.274s] Level 1:colcon.colcon_core.package_identification:_identify(.) by extension 'cmake'
[0.274s] Level 1:colcon.colcon_core.package_identification:_identify(.) by extension 'python'
[0.274s] Level 1:colcon.colcon_core.package_identification:_identify(.) by extensions ['python_setup_py']
[0.274s] Level 1:colcon.colcon_core.package_identification:_identify(.) by extension 'python_setup_py'
[0.275s] Level 1:colcon.colcon_core.package_identification:_identify(build) by extensions ['ignore', 'ignore_ament_install']
[0.275s] Level 1:colcon.colcon_core.package_identification:_identify(build) by extension 'ignore'
[0.275s] Level 1:colcon.colcon_core.package_identification:_identify(build) ignored
[0.275s] Level 1:colcon.colcon_core.package_identification:_identify(install) by extensions ['ignore', 'ignore_ament_install']
[0.275s] Level 1:colcon.colcon_core.package_identification:_identify(install) by extension 'ignore'
[0.275s] Level 1:colcon.colcon_core.package_identification:_identify(install) ignored
[0.275s] Level 1:colcon.colcon_core.package_identification:_identify(log) by extensions ['ignore', 'ignore_ament_install']
[0.275s] Level 1:colcon.colcon_core.package_identification:_identify(log) by extension 'ignore'
[0.275s] Level 1:colcon.colcon_core.package_identification:_identify(log) ignored
[0.275s] Level 1:colcon.colcon_core.package_identification:_identify(src) by extensions ['ignore', 'ignore_ament_install']
[0.275s] Level 1:colcon.colcon_core.package_identification:_identify(src) by extension 'ignore'
[0.275s] Level 1:colcon.colcon_core.package_identification:_identify(src) by extension 'ignore_ament_install'
[0.275s] Level 1:colcon.colcon_core.package_identification:_identify(src) by extensions ['colcon_pkg']
[0.275s] Level 1:colcon.colcon_core.package_identification:_identify(src) by extension 'colcon_pkg'
[0.275s] Level 1:colcon.colcon_core.package_identification:_identify(src) by extensions ['colcon_meta']
[0.275s] Level 1:colcon.colcon_core.package_identification:_identify(src) by extension 'colcon_meta'
[0.275s] Level 1:colcon.colcon_core.package_identification:_identify(src) by extensions ['ros']
[0.275s] Level 1:colcon.colcon_core.package_identification:_identify(src) by extension 'ros'
[0.276s] Level 1:colcon.colcon_core.package_identification:_identify(src) by extensions ['cmake', 'python']
[0.276s] Level 1:colcon.colcon_core.package_identification:_identify(src) by extension 'cmake'
[0.276s] Level 1:colcon.colcon_core.package_identification:_identify(src) by extension 'python'
[0.276s] Level 1:colcon.colcon_core.package_identification:_identify(src) by extensions ['python_setup_py']
[0.276s] Level 1:colcon.colcon_core.package_identification:_identify(src) by extension 'python_setup_py'
[0.276s] Level 1:colcon.colcon_core.package_identification:_identify(src/line_tracker) by extensions ['ignore', 'ignore_ament_install']
[0.276s] Level 1:colcon.colcon_core.package_identification:_identify(src/line_tracker) by extension 'ignore'
[0.276s] Level 1:colcon.colcon_core.package_identification:_identify(src/line_tracker) by extension 'ignore_ament_install'
[0.276s] Level 1:colcon.colcon_core.package_identification:_identify(src/line_tracker) by extensions ['colcon_pkg']
[0.276s] Level 1:colcon.colcon_core.package_identification:_identify(src/line_tracker) by extension 'colcon_pkg'
[0.276s] Level 1:colcon.colcon_core.package_identification:_identify(src/line_tracker) by extensions ['colcon_meta']
[0.276s] Level 1:colcon.colcon_core.package_identification:_identify(src/line_tracker) by extension 'colcon_meta'
[0.276s] Level 1:colcon.colcon_core.package_identification:_identify(src/line_tracker) by extensions ['ros']
[0.276s] Level 1:colcon.colcon_core.package_identification:_identify(src/line_tracker) by extension 'ros'
[0.289s] DEBUG:colcon.colcon_core.package_identification:Package 'src/line_tracker' with type 'ros.ament_python' and name 'line_tracker'
[0.289s] Level 1:colcon.colcon_core.package_discovery:discover_packages(recursive) using defaults
[0.290s] Level 1:colcon.colcon_core.package_discovery:discover_packages(ignore) discover
[0.290s] Level 1:colcon.colcon_core.package_discovery:discover_packages(ignore) using defaults
[0.290s] Level 1:colcon.colcon_core.package_discovery:discover_packages(path) discover
[0.290s] Level 1:colcon.colcon_core.package_discovery:discover_packages(path) using defaults
[0.308s] Level 1:colcon.colcon_core.package_discovery:discover_packages(prefix_path) check parameters
[0.308s] Level 1:colcon.colcon_core.package_discovery:discover_packages(prefix_path) discover
[0.310s] DEBUG:colcon.colcon_installed_package_information.package_discovery:Found 16 installed packages in /home/pes1ug23cs679/turtlebot3_ws/install
[0.311s] DEBUG:colcon.colcon_installed_package_information.package_discovery:Found 1 installed packages in /home/pes1ug23cs679/dev_ws/install
[0.311s] DEBUG:colcon.colcon_installed_package_information.package_discovery:Found 2 installed packages in /home/pes1ug23cs679/ros2_ws/install
[0.312s] DEBUG:colcon.colcon_installed_package_information.package_discovery:Found 475 installed packages in /opt/ros/humble
[0.315s] Level 1:colcon.colcon_core.package_discovery:discover_packages(prefix_path) using defaults
[0.369s] Level 5:colcon.colcon_core.verb:set package 'line_tracker' build argument 'cmake_args' from command line to 'None'
[0.369s] Level 5:colcon.colcon_core.verb:set package 'line_tracker' build argument 'cmake_target' from command line to 'None'
[0.369s] Level 5:colcon.colcon_core.verb:set package 'line_tracker' build argument 'cmake_target_skip_unavailable' from command line to 'False'
[0.369s] Level 5:colcon.colcon_core.verb:set package 'line_tracker' build argument 'cmake_clean_cache' from command line to 'False'
[0.369s] Level 5:colcon.colcon_core.verb:set package 'line_tracker' build argument 'cmake_clean_first' from command line to 'False'
[0.369s] Level 5:colcon.colcon_core.verb:set package 'line_tracker' build argument 'cmake_force_configure' from command line to 'False'
[0.369s] Level 5:colcon.colcon_core.verb:set package 'line_tracker' build argument 'ament_cmake_args' from command line to 'None'
[0.369s] Level 5:colcon.colcon_core.verb:set package 'line_tracker' build argument 'catkin_cmake_args' from command line to 'None'
[0.369s] Level 5:colcon.colcon_core.verb:set package 'line_tracker' build argument 'catkin_skip_building_tests' from command line to 'False'
[0.369s] DEBUG:colcon.colcon_core.verb:Building package 'line_tracker' with the following arguments: {'ament_cmake_args': None, 'build_base': '/home/pes1ug23cs679/mars_anti2/build/line_tracker', 'catkin_cmake_args': None, 'catkin_skip_building_tests': False, 'cmake_args': None, 'cmake_clean_cache': False, 'cmake_clean_first': False, 'cmake_force_configure': False, 'cmake_target': None, 'cmake_target_skip_unavailable': False, 'install_base': '/home/pes1ug23cs679/mars_anti2/install/line_tracker', 'merge_install': False, 'path': '/home/pes1ug23cs679/mars_anti2/src/line_tracker', 'symlink_install': False, 'test_result_base': None}
[0.369s] INFO:colcon.colcon_core.executor:Executing jobs using 'parallel' executor
[0.370s] DEBUG:colcon.colcon_parallel_executor.executor.parallel:run_until_complete
[0.370s] INFO:colcon.colcon_ros.task.ament_python.build:Building ROS package in '/home/pes1ug23cs679/mars_anti2/src/line_tracker' with build type 'ament_python'
[0.371s] Level 1:colcon.colcon_core.shell:create_environment_hook('line_tracker', 'ament_prefix_path')
[0.372s] INFO:colcon.colcon_core.plugin_system:Skipping extension 'colcon_core.shell.bat': Not used on non-Windows systems
[0.372s] INFO:colcon.colcon_core.shell:Creating environment hook '/home/pes1ug23cs679/mars_anti2/install/line_tracker/share/line_tracker/hook/ament_prefix_path.ps1'
[0.373s] INFO:colcon.colcon_core.shell:Creating environment descriptor '/home/pes1ug23cs679/mars_anti2/install/line_tracker/share/line_tracker/hook/ament_prefix_path.dsv'
[0.373s] INFO:colcon.colcon_core.shell:Creating environment hook '/home/pes1ug23cs679/mars_anti2/install/line_tracker/share/line_tracker/hook/ament_prefix_path.sh'
[0.374s] INFO:colcon.colcon_core.shell:Skip shell extension 'powershell' for command environment: Not usable outside of PowerShell
[0.374s] DEBUG:colcon.colcon_core.shell:Skip shell extension 'dsv' for command environment
[0.611s] INFO:colcon.colcon_core.task.python.build:Building Python package in '/home/pes1ug23cs679/mars_anti2/src/line_tracker'
[0.611s] INFO:colcon.colcon_core.shell:Skip shell extension 'powershell' for command environment: Not usable outside of PowerShell
[0.611s] DEBUG:colcon.colcon_core.shell:Skip shell extension 'dsv' for command environment
[0.945s] DEBUG:colcon.colcon_core.event_handler.log_command:Invoking command in '/home/pes1ug23cs679/mars_anti2/src/line_tracker': PYTHONPATH=/home/pes1ug23cs679/mars_anti2/build/line_tracker/prefix_override:/usr/lib/python3/dist-packages/colcon_core/task/python/colcon_distutils_commands:/home/pes1ug23cs679/mars_anti2/install/line_tracker/lib/python3.10/site-packages:${PYTHONPATH} /usr/bin/python3 -W ignore:setup.py install is deprecated -W ignore:easy_install command is deprecated setup.py egg_info --egg-base ../../build/line_tracker build --build-base /home/pes1ug23cs679/mars_anti2/build/line_tracker/build install --record /home/pes1ug23cs679/mars_anti2/build/line_tracker/install.log --single-version-externally-managed install_data
[1.217s] DEBUG:colcon.colcon_core.event_handler.log_command:Invoked command in '/home/pes1ug23cs679/mars_anti2/src/line_tracker' returned '0': PYTHONPATH=/home/pes1ug23cs679/mars_anti2/build/line_tracker/prefix_override:/usr/lib/python3/dist-packages/colcon_core/task/python/colcon_distutils_commands:/home/pes1ug23cs679/mars_anti2/install/line_tracker/lib/python3.10/site-packages:${PYTHONPATH} /usr/bin/python3 -W ignore:setup.py install is deprecated -W ignore:easy_install command is deprecated setup.py egg_info --egg-base ../../build/line_tracker build --build-base /home/pes1ug23cs679/mars_anti2/build/line_tracker/build install --record /home/pes1ug23cs679/mars_anti2/build/line_tracker/install.log --single-version-externally-managed install_data
[1.220s] Level 1:colcon.colcon_core.environment:checking '/home/pes1ug23cs679/mars_anti2/install/line_tracker' for CMake module files
[1.220s] Level 1:colcon.colcon_core.environment:checking '/home/pes1ug23cs679/mars_anti2/install/line_tracker' for CMake config files
[1.220s] Level 1:colcon.colcon_core.environment:checking '/home/pes1ug23cs679/mars_anti2/install/line_tracker/lib'
[1.221s] Level 1:colcon.colcon_core.environment:checking '/home/pes1ug23cs679/mars_anti2/install/line_tracker/bin'
[1.221s] Level 1:colcon.colcon_core.environment:checking '/home/pes1ug23cs679/mars_anti2/install/line_tracker/lib/pkgconfig/line_tracker.pc'
[1.221s] Level 1:colcon.colcon_core.environment:checking '/home/pes1ug23cs679/mars_anti2/install/line_tracker/lib/python3.10/site-packages'
[1.221s] Level 1:colcon.colcon_core.shell:create_environment_hook('line_tracker', 'pythonpath')
[1.221s] INFO:colcon.colcon_core.shell:Creating environment hook '/home/pes1ug23cs679/mars_anti2/install/line_tracker/share/line_tracker/hook/pythonpath.ps1'
[1.221s] INFO:colcon.colcon_core.shell:Creating environment descriptor '/home/pes1ug23cs679/mars_anti2/install/line_tracker/share/line_tracker/hook/pythonpath.dsv'
[1.222s] INFO:colcon.colcon_core.shell:Creating environment hook '/home/pes1ug23cs679/mars_anti2/install/line_tracker/share/line_tracker/hook/pythonpath.sh'
[1.222s] Level 1:colcon.colcon_core.environment:checking '/home/pes1ug23cs679/mars_anti2/install/line_tracker/bin'
[1.222s] Level 1:colcon.colcon_core.environment:create_environment_scripts_only(line_tracker)
[1.223s] INFO:colcon.colcon_core.shell:Creating package script '/home/pes1ug23cs679/mars_anti2/install/line_tracker/share/line_tracker/package.ps1'
[1.223s] INFO:colcon.colcon_core.shell:Creating package descriptor '/home/pes1ug23cs679/mars_anti2/install/line_tracker/share/line_tracker/package.dsv'
[1.224s] INFO:colcon.colcon_core.shell:Creating package script '/home/pes1ug23cs679/mars_anti2/install/line_tracker/share/line_tracker/package.sh'
[1.224s] INFO:colcon.colcon_core.shell:Creating package script '/home/pes1ug23cs679/mars_anti2/install/line_tracker/share/line_tracker/package.bash'
[1.225s] INFO:colcon.colcon_core.shell:Creating package script '/home/pes1ug23cs679/mars_anti2/install/line_tracker/share/line_tracker/package.zsh'
[1.226s] Level 1:colcon.colcon_core.environment:create_file_with_runtime_dependencies(/home/pes1ug23cs679/mars_anti2/install/line_tracker/share/colcon-core/packages/line_tracker)
[1.226s] DEBUG:colcon.colcon_parallel_executor.executor.parallel:closing loop
[1.226s] DEBUG:colcon.colcon_parallel_executor.executor.parallel:loop closed
[1.226s] DEBUG:colcon.colcon_parallel_executor.executor.parallel:run_until_complete finished with '0'
[1.226s] DEBUG:colcon.colcon_core.event_reactor:joining thread
[1.231s] INFO:colcon.colcon_core.plugin_system:Skipping extension 'colcon_notification.desktop_notification.terminal_notifier': Not used on non-Darwin systems
[1.231s] INFO:colcon.colcon_core.plugin_system:Skipping extension 'colcon_notification.desktop_notification.win32': Not used on non-Windows systems
[1.231s] INFO:colcon.colcon_notification.desktop_notification:Sending desktop notification using 'notify2'
[1.240s] DEBUG:colcon.colcon_core.event_reactor:joined thread
[1.240s] INFO:colcon.colcon_core.shell:Creating prefix script '/home/pes1ug23cs679/mars_anti2/install/local_setup.ps1'
[1.242s] INFO:colcon.colcon_core.shell:Creating prefix util module '/home/pes1ug23cs679/mars_anti2/install/_local_setup_util_ps1.py'
[1.243s] INFO:colcon.colcon_core.shell:Creating prefix chain script '/home/pes1ug23cs679/mars_anti2/install/setup.ps1'
[1.245s] INFO:colcon.colcon_core.shell:Creating prefix script '/home/pes1ug23cs679/mars_anti2/install/local_setup.sh'
[1.246s] INFO:colcon.colcon_core.shell:Creating prefix util module '/home/pes1ug23cs679/mars_anti2/install/_local_setup_util_sh.py'
[1.246s] INFO:colcon.colcon_core.shell:Creating prefix chain script '/home/pes1ug23cs679/mars_anti2/install/setup.sh'
[1.248s] INFO:colcon.colcon_core.shell:Creating prefix script '/home/pes1ug23cs679/mars_anti2/install/local_setup.bash'
[1.248s] INFO:colcon.colcon_core.shell:Creating prefix chain script '/home/pes1ug23cs679/mars_anti2/install/setup.bash'
[1.250s] INFO:colcon.colcon_core.shell:Creating prefix script '/home/pes1ug23cs679/mars_anti2/install/local_setup.zsh'
[1.250s] INFO:colcon.colcon_core.shell:Creating prefix chain script '/home/pes1ug23cs679/mars_anti2/install/setup.zsh'
