running develop
Removing /home/pes1ug23cs679/mars_anti2/install/line_tracker/lib/python3.10/site-packages/line-tracker.egg-link (link to .)
running egg_info
writing ../../build/line_tracker/line_tracker.egg-info/PKG-INFO
writing dependency_links to ../../build/line_tracker/line_tracker.egg-info/dependency_links.txt
writing entry points to ../../build/line_tracker/line_tracker.egg-info/entry_points.txt
writing requirements to ../../build/line_tracker/line_tracker.egg-info/requires.txt
writing top-level names to ../../build/line_tracker/line_tracker.egg-info/top_level.txt
reading manifest file '../../build/line_tracker/line_tracker.egg-info/SOURCES.txt'
writing manifest file '../../build/line_tracker/line_tracker.egg-info/SOURCES.txt'
running build
running build_py
creating /home/pes1ug23cs679/mars_anti2/build/line_tracker/build
creating /home/pes1ug23cs679/mars_anti2/build/line_tracker/build/lib
creating /home/pes1ug23cs679/mars_anti2/build/line_tracker/build/lib/line_tracker
copying line_tracker/obstacle_detector.py -> /home/pes1ug23cs679/mars_anti2/build/line_tracker/build/lib/line_tracker
copying line_tracker/line_detector.py -> /home/pes1ug23cs679/mars_anti2/build/line_tracker/build/lib/line_tracker
copying line_tracker/controller.py -> /home/pes1ug23cs679/mars_anti2/build/line_tracker/build/lib/line_tracker
copying line_tracker/__init__.py -> /home/pes1ug23cs679/mars_anti2/build/line_tracker/build/lib/line_tracker
running install
running install_lib
creating /home/pes1ug23cs679/mars_anti2/install/line_tracker/lib/python3.10/site-packages/line_tracker
copying /home/pes1ug23cs679/mars_anti2/build/line_tracker/build/lib/line_tracker/obstacle_detector.py -> /home/pes1ug23cs679/mars_anti2/install/line_tracker/lib/python3.10/site-packages/line_tracker
copying /home/pes1ug23cs679/mars_anti2/build/line_tracker/build/lib/line_tracker/line_detector.py -> /home/pes1ug23cs679/mars_anti2/install/line_tracker/lib/python3.10/site-packages/line_tracker
copying /home/pes1ug23cs679/mars_anti2/build/line_tracker/build/lib/line_tracker/controller.py -> /home/pes1ug23cs679/mars_anti2/install/line_tracker/lib/python3.10/site-packages/line_tracker
copying /home/pes1ug23cs679/mars_anti2/build/line_tracker/build/lib/line_tracker/__init__.py -> /home/pes1ug23cs679/mars_anti2/install/line_tracker/lib/python3.10/site-packages/line_tracker
byte-compiling /home/pes1ug23cs679/mars_anti2/install/line_tracker/lib/python3.10/site-packages/line_tracker/obstacle_detector.py to obstacle_detector.cpython-310.pyc
byte-compiling /home/pes1ug23cs679/mars_anti2/install/line_tracker/lib/python3.10/site-packages/line_tracker/line_detector.py to line_detector.cpython-310.pyc
byte-compiling /home/pes1ug23cs679/mars_anti2/install/line_tracker/lib/python3.10/site-packages/line_tracker/controller.py to controller.cpython-310.pyc
byte-compiling /home/pes1ug23cs679/mars_anti2/install/line_tracker/lib/python3.10/site-packages/line_tracker/__init__.py to __init__.cpython-310.pyc
running install_data
copying resource/line_tracker -> /home/pes1ug23cs679/mars_anti2/install/line_tracker/share/ament_index/resource_index/packages
copying package.xml -> /home/pes1ug23cs679/mars_anti2/install/line_tracker/share/line_tracker
copying launch/simulation.launch.py -> /home/pes1ug23cs679/mars_anti2/install/line_tracker/share/line_tracker/launch
copying worlds/line_world.world -> /home/pes1ug23cs679/mars_anti2/install/line_tracker/share/line_tracker/worlds
copying urdf/turtlebot3_burger.urdf -> /home/pes1ug23cs679/mars_anti2/install/line_tracker/share/line_tracker/urdf
copying config/rviz_config.rviz -> /home/pes1ug23cs679/mars_anti2/install/line_tracker/share/line_tracker/config
running install_egg_info
Copying ../../build/line_tracker/line_tracker.egg-info to /home/pes1ug23cs679/mars_anti2/install/line_tracker/lib/python3.10/site-packages/line_tracker-1.0.0-py3.10.egg-info
running install_scripts
Installing controller script to /home/pes1ug23cs679/mars_anti2/install/line_tracker/lib/line_tracker
Installing line_detector script to /home/pes1ug23cs679/mars_anti2/install/line_tracker/lib/line_tracker
Installing obstacle_detector script to /home/pes1ug23cs679/mars_anti2/install/line_tracker/lib/line_tracker
writing list of installed files to '/home/pes1ug23cs679/mars_anti2/build/line_tracker/install.log'
