[0.992s] Invoking command in '/home/pes1ug23cs679/mars_anti2/build/line_tracker': PYTHONPATH=/home/pes1ug23cs679/mars_anti2/build/line_tracker/prefix_override:/usr/lib/python3/dist-packages/colcon_core/task/python/colcon_distutils_commands:/home/pes1ug23cs679/mars_anti2/install/line_tracker/lib/python3.10/site-packages:${PYTHONPATH} /usr/bin/python3 -W ignore:setup.py install is deprecated -W ignore:easy_install command is deprecated setup.py develop --uninstall --editable --build-directory /home/pes1ug23cs679/mars_anti2/build/line_tracker/build
[1.372s] running develop
[1.620s] Removing /home/pes1ug23cs679/mars_anti2/install/line_tracker/lib/python3.10/site-packages/line-tracker.egg-link (link to .)
[1.671s] Invoked command in '/home/pes1ug23cs679/mars_anti2/build/line_tracker' returned '0': PYTHONPATH=/home/pes1ug23cs679/mars_anti2/build/line_tracker/prefix_override:/usr/lib/python3/dist-packages/colcon_core/task/python/colcon_distutils_commands:/home/pes1ug23cs679/mars_anti2/install/line_tracker/lib/python3.10/site-packages:${PYTHONPATH} /usr/bin/python3 -W ignore:setup.py install is deprecated -W ignore:easy_install command is deprecated setup.py develop --uninstall --editable --build-directory /home/pes1ug23cs679/mars_anti2/build/line_tracker/build
[1.673s] Invoking command in '/home/pes1ug23cs679/mars_anti2/src/line_tracker': PYTHONPATH=/home/pes1ug23cs679/mars_anti2/build/line_tracker/prefix_override:/usr/lib/python3/dist-packages/colcon_core/task/python/colcon_distutils_commands:/home/pes1ug23cs679/mars_anti2/install/line_tracker/lib/python3.10/site-packages:${PYTHONPATH} /usr/bin/python3 -W ignore:setup.py install is deprecated -W ignore:easy_install command is deprecated setup.py egg_info --egg-base ../../build/line_tracker build --build-base /home/pes1ug23cs679/mars_anti2/build/line_tracker/build install --record /home/pes1ug23cs679/mars_anti2/build/line_tracker/install.log --single-version-externally-managed install_data --force
[2.042s] running egg_info
[2.043s] writing ../../build/line_tracker/line_tracker.egg-info/PKG-INFO
[2.043s] writing dependency_links to ../../build/line_tracker/line_tracker.egg-info/dependency_links.txt
[2.043s] writing entry points to ../../build/line_tracker/line_tracker.egg-info/entry_points.txt
[2.044s] writing requirements to ../../build/line_tracker/line_tracker.egg-info/requires.txt
[2.044s] writing top-level names to ../../build/line_tracker/line_tracker.egg-info/top_level.txt
[2.046s] reading manifest file '../../build/line_tracker/line_tracker.egg-info/SOURCES.txt'
[2.046s] writing manifest file '../../build/line_tracker/line_tracker.egg-info/SOURCES.txt'
[2.047s] running build
[2.047s] running build_py
[2.047s] creating /home/pes1ug23cs679/mars_anti2/build/line_tracker/build
[2.047s] creating /home/pes1ug23cs679/mars_anti2/build/line_tracker/build/lib
[2.047s] creating /home/pes1ug23cs679/mars_anti2/build/line_tracker/build/lib/line_tracker
[2.047s] copying line_tracker/obstacle_detector.py -> /home/pes1ug23cs679/mars_anti2/build/line_tracker/build/lib/line_tracker
[2.047s] copying line_tracker/line_detector.py -> /home/pes1ug23cs679/mars_anti2/build/line_tracker/build/lib/line_tracker
[2.047s] copying line_tracker/controller.py -> /home/pes1ug23cs679/mars_anti2/build/line_tracker/build/lib/line_tracker
[2.047s] copying line_tracker/__init__.py -> /home/pes1ug23cs679/mars_anti2/build/line_tracker/build/lib/line_tracker
[2.048s] running install
[2.048s] running install_lib
[2.049s] creating /home/pes1ug23cs679/mars_anti2/install/line_tracker/lib/python3.10/site-packages/line_tracker
[2.049s] copying /home/pes1ug23cs679/mars_anti2/build/line_tracker/build/lib/line_tracker/obstacle_detector.py -> /home/pes1ug23cs679/mars_anti2/install/line_tracker/lib/python3.10/site-packages/line_tracker
[2.049s] copying /home/pes1ug23cs679/mars_anti2/build/line_tracker/build/lib/line_tracker/line_detector.py -> /home/pes1ug23cs679/mars_anti2/install/line_tracker/lib/python3.10/site-packages/line_tracker
[2.049s] copying /home/pes1ug23cs679/mars_anti2/build/line_tracker/build/lib/line_tracker/controller.py -> /home/pes1ug23cs679/mars_anti2/install/line_tracker/lib/python3.10/site-packages/line_tracker
[2.049s] copying /home/pes1ug23cs679/mars_anti2/build/line_tracker/build/lib/line_tracker/__init__.py -> /home/pes1ug23cs679/mars_anti2/install/line_tracker/lib/python3.10/site-packages/line_tracker
[2.049s] byte-compiling /home/pes1ug23cs679/mars_anti2/install/line_tracker/lib/python3.10/site-packages/line_tracker/obstacle_detector.py to obstacle_detector.cpython-310.pyc
[2.050s] byte-compiling /home/pes1ug23cs679/mars_anti2/install/line_tracker/lib/python3.10/site-packages/line_tracker/line_detector.py to line_detector.cpython-310.pyc
[2.051s] byte-compiling /home/pes1ug23cs679/mars_anti2/install/line_tracker/lib/python3.10/site-packages/line_tracker/controller.py to controller.cpython-310.pyc
[2.051s] byte-compiling /home/pes1ug23cs679/mars_anti2/install/line_tracker/lib/python3.10/site-packages/line_tracker/__init__.py to __init__.cpython-310.pyc
[2.051s] running install_data
[2.052s] copying resource/line_tracker -> /home/pes1ug23cs679/mars_anti2/install/line_tracker/share/ament_index/resource_index/packages
[2.052s] copying package.xml -> /home/pes1ug23cs679/mars_anti2/install/line_tracker/share/line_tracker
[2.052s] copying launch/simulation.launch.py -> /home/pes1ug23cs679/mars_anti2/install/line_tracker/share/line_tracker/launch
[2.052s] copying worlds/line_world.world -> /home/pes1ug23cs679/mars_anti2/install/line_tracker/share/line_tracker/worlds
[2.052s] copying urdf/turtlebot3_burger.urdf -> /home/pes1ug23cs679/mars_anti2/install/line_tracker/share/line_tracker/urdf
[2.052s] copying config/rviz_config.rviz -> /home/pes1ug23cs679/mars_anti2/install/line_tracker/share/line_tracker/config
[2.052s] running install_egg_info
[2.054s] Copying ../../build/line_tracker/line_tracker.egg-info to /home/pes1ug23cs679/mars_anti2/install/line_tracker/lib/python3.10/site-packages/line_tracker-1.0.0-py3.10.egg-info
[2.054s] running install_scripts
[2.082s] Installing controller script to /home/pes1ug23cs679/mars_anti2/install/line_tracker/lib/line_tracker
[2.082s] Installing line_detector script to /home/pes1ug23cs679/mars_anti2/install/line_tracker/lib/line_tracker
[2.082s] Installing obstacle_detector script to /home/pes1ug23cs679/mars_anti2/install/line_tracker/lib/line_tracker
[2.082s] writing list of installed files to '/home/pes1ug23cs679/mars_anti2/build/line_tracker/install.log'
[2.124s] Invoked command in '/home/pes1ug23cs679/mars_anti2/src/line_tracker' returned '0': PYTHONPATH=/home/pes1ug23cs679/mars_anti2/build/line_tracker/prefix_override:/usr/lib/python3/dist-packages/colcon_core/task/python/colcon_distutils_commands:/home/pes1ug23cs679/mars_anti2/install/line_tracker/lib/python3.10/site-packages:${PYTHONPATH} /usr/bin/python3 -W ignore:setup.py install is deprecated -W ignore:easy_install command is deprecated setup.py egg_info --egg-base ../../build/line_tracker build --build-base /home/pes1ug23cs679/mars_anti2/build/line_tracker/build install --record /home/pes1ug23cs679/mars_anti2/build/line_tracker/install.log --single-version-externally-managed install_data --force
