/home/pes1ug23cs679/mars_anti2/install/line_tracker/lib/python3.10/site-packages/line_tracker/obstacle_detector.py
/home/pes1ug23cs679/mars_anti2/install/line_tracker/lib/python3.10/site-packages/line_tracker/line_detector.py
/home/pes1ug23cs679/mars_anti2/install/line_tracker/lib/python3.10/site-packages/line_tracker/controller.py
/home/pes1ug23cs679/mars_anti2/install/line_tracker/lib/python3.10/site-packages/line_tracker/__init__.py
/home/pes1ug23cs679/mars_anti2/install/line_tracker/lib/python3.10/site-packages/line_tracker/__pycache__/obstacle_detector.cpython-310.pyc
/home/pes1ug23cs679/mars_anti2/install/line_tracker/lib/python3.10/site-packages/line_tracker/__pycache__/line_detector.cpython-310.pyc
/home/pes1ug23cs679/mars_anti2/install/line_tracker/lib/python3.10/site-packages/line_tracker/__pycache__/controller.cpython-310.pyc
/home/pes1ug23cs679/mars_anti2/install/line_tracker/lib/python3.10/site-packages/line_tracker/__pycache__/__init__.cpython-310.pyc
/home/pes1ug23cs679/mars_anti2/install/line_tracker/share/ament_index/resource_index/packages/line_tracker
/home/pes1ug23cs679/mars_anti2/install/line_tracker/share/line_tracker/package.xml
/home/pes1ug23cs679/mars_anti2/install/line_tracker/share/line_tracker/launch/simulation.launch.py
/home/pes1ug23cs679/mars_anti2/install/line_tracker/share/line_tracker/worlds/line_world.world
/home/pes1ug23cs679/mars_anti2/install/line_tracker/share/line_tracker/urdf/turtlebot3_burger.urdf
/home/pes1ug23cs679/mars_anti2/install/line_tracker/share/line_tracker/config/rviz_config.rviz
/home/pes1ug23cs679/mars_anti2/install/line_tracker/lib/python3.10/site-packages/line_tracker-1.0.0-py3.10.egg-info/zip-safe
/home/pes1ug23cs679/mars_anti2/install/line_tracker/lib/python3.10/site-packages/line_tracker-1.0.0-py3.10.egg-info/PKG-INFO
/home/pes1ug23cs679/mars_anti2/install/line_tracker/lib/python3.10/site-packages/line_tracker-1.0.0-py3.10.egg-info/dependency_links.txt
/home/pes1ug23cs679/mars_anti2/install/line_tracker/lib/python3.10/site-packages/line_tracker-1.0.0-py3.10.egg-info/SOURCES.txt
/home/pes1ug23cs679/mars_anti2/install/line_tracker/lib/python3.10/site-packages/line_tracker-1.0.0-py3.10.egg-info/requires.txt
/home/pes1ug23cs679/mars_anti2/install/line_tracker/lib/python3.10/site-packages/line_tracker-1.0.0-py3.10.egg-info/entry_points.txt
/home/pes1ug23cs679/mars_anti2/install/line_tracker/lib/python3.10/site-packages/line_tracker-1.0.0-py3.10.egg-info/top_level.txt
/home/pes1ug23cs679/mars_anti2/install/line_tracker/lib/line_tracker/controller
/home/pes1ug23cs679/mars_anti2/install/line_tracker/lib/line_tracker/line_detector
/home/pes1ug23cs679/mars_anti2/install/line_tracker/lib/line_tracker/obstacle_detector
