[0.583s] Invoking command in '/home/pes1ug23cs679/mars_anti2/src/line_tracker': PYTHONPATH=/home/pes1ug23cs679/mars_anti2/build/line_tracker/prefix_override:/usr/lib/python3/dist-packages/colcon_core/task/python/colcon_distutils_commands:/home/pes1ug23cs679/mars_anti2/install/line_tracker/lib/python3.10/site-packages:${PYTHONPATH} /usr/bin/python3 -W ignore:setup.py install is deprecated -W ignore:easy_install command is deprecated setup.py egg_info --egg-base ../../build/line_tracker build --build-base /home/pes1ug23cs679/mars_anti2/build/line_tracker/build install --record /home/pes1ug23cs679/mars_anti2/build/line_tracker/install.log --single-version-externally-managed install_data
[0.798s] running egg_info
[0.798s] writing ../../build/line_tracker/line_tracker.egg-info/PKG-INFO
[0.798s] writing dependency_links to ../../build/line_tracker/line_tracker.egg-info/dependency_links.txt
[0.799s] writing entry points to ../../build/line_tracker/line_tracker.egg-info/entry_points.txt
[0.799s] writing requirements to ../../build/line_tracker/line_tracker.egg-info/requires.txt
[0.799s] writing top-level names to ../../build/line_tracker/line_tracker.egg-info/top_level.txt
[0.800s] reading manifest file '../../build/line_tracker/line_tracker.egg-info/SOURCES.txt'
[0.801s] writing manifest file '../../build/line_tracker/line_tracker.egg-info/SOURCES.txt'
[0.801s] running build
[0.801s] running build_py
[0.801s] running install
[0.801s] running install_lib
[0.803s] running install_data
[0.803s] running install_egg_info
[0.804s] removing '/home/pes1ug23cs679/mars_anti2/install/line_tracker/lib/python3.10/site-packages/line_tracker-1.0.0-py3.10.egg-info' (and everything under it)
[0.804s] Copying ../../build/line_tracker/line_tracker.egg-info to /home/pes1ug23cs679/mars_anti2/install/line_tracker/lib/python3.10/site-packages/line_tracker-1.0.0-py3.10.egg-info
[0.805s] running install_scripts
[0.823s] Installing controller script to /home/pes1ug23cs679/mars_anti2/install/line_tracker/lib/line_tracker
[0.823s] Installing line_detector script to /home/pes1ug23cs679/mars_anti2/install/line_tracker/lib/line_tracker
[0.823s] Installing obstacle_detector script to /home/pes1ug23cs679/mars_anti2/install/line_tracker/lib/line_tracker
[0.823s] writing list of installed files to '/home/pes1ug23cs679/mars_anti2/build/line_tracker/install.log'
[0.864s] Invoked command in '/home/pes1ug23cs679/mars_anti2/src/line_tracker' returned '0': PYTHONPATH=/home/pes1ug23cs679/mars_anti2/build/line_tracker/prefix_override:/usr/lib/python3/dist-packages/colcon_core/task/python/colcon_distutils_commands:/home/pes1ug23cs679/mars_anti2/install/line_tracker/lib/python3.10/site-packages:${PYTHONPATH} /usr/bin/python3 -W ignore:setup.py install is deprecated -W ignore:easy_install command is deprecated setup.py egg_info --egg-base ../../build/line_tracker build --build-base /home/pes1ug23cs679/mars_anti2/build/line_tracker/build install --record /home/pes1ug23cs679/mars_anti2/build/line_tracker/install.log --single-version-externally-managed install_data
