[0.125s] DEBUG:colcon:Command line arguments: ['/usr/bin/colcon', 'build', '--packages-select', 'line_tracker', '--symlink-install']
[0.125s] DEBUG:colcon:Parsed command line arguments: Namespace(log_base=None, log_level=None, verb_name='build', build_base='build', install_base='install', merge_install=False, symlink_install=True, test_result_base=None, continue_on_error=False, executor='parallel', parallel_workers=8, event_handlers=None, ignore_user_meta=False, metas=['./colcon.meta'], base_paths=['.'], packages_ignore=None, packages_ignore_regex=None, paths=None, packages_up_to=None, packages_up_to_regex=None, packages_above=None, packages_above_and_dependencies=None, packages_above_depth=None, packages_select_by_dep=None, packages_skip_by_dep=None, packages_skip_up_to=None, packages_select_build_failed=False, packages_skip_build_finished=False, packages_select_test_failures=False, packages_skip_test_passed=False, packages_select=['line_tracker'], packages_skip=None, packages_select_regex=None, packages_skip_regex=None, packages_start=None, packages_end=None, allow_overriding=[], cmake_args=None, cmake_target=None, cmake_target_skip_unavailable=False, cmake_clean_cache=False, cmake_clean_first=False, cmake_force_configure=False, ament_cmake_args=None, catkin_cmake_args=None, catkin_skip_building_tests=False, mixin_files=None, mixin=None, verb_parser=<colcon_mixin.mixin.mixin_argument.MixinArgumentDecorator object at 0x753134f98610>, verb_extension=<colcon_core.verb.build.BuildVerb object at 0x753134f67fd0>, main=<bound method BuildVerb.main of <colcon_core.verb.build.BuildVerb object at 0x753134f67fd0>>, mixin_verb=('build',))
[0.314s] Level 1:colcon.colcon_core.package_discovery:discover_packages(colcon_meta) check parameters
[0.315s] Level 1:colcon.colcon_core.package_discovery:discover_packages(recursive) check parameters
[0.315s] Level 1:colcon.colcon_core.package_discovery:discover_packages(ignore) check parameters
[0.315s] Level 1:colcon.colcon_core.package_discovery:discover_packages(path) check parameters
[0.315s] Level 1:colcon.colcon_core.package_discovery:discover_packages(colcon_meta) discover
[0.315s] Level 1:colcon.colcon_core.package_discovery:discover_packages(recursive) discover
[0.315s] INFO:colcon.colcon_core.package_discovery:Crawling recursively for packages in '/home/pes1ug23cs679/mars_anti2'
[0.315s] Level 1:colcon.colcon_core.package_identification:_identify(.) by extensions ['ignore', 'ignore_ament_install']
[0.315s] Level 1:colcon.colcon_core.package_identification:_identify(.) by extension 'ignore'
[0.315s] Level 1:colcon.colcon_core.package_identification:_identify(.) by extension 'ignore_ament_install'
[0.316s] Level 1:colcon.colcon_core.package_identification:_identify(.) by extensions ['colcon_pkg']
[0.316s] Level 1:colcon.colcon_core.package_identification:_identify(.) by extension 'colcon_pkg'
[0.316s] Level 1:colcon.colcon_core.package_identification:_identify(.) by extensions ['colcon_meta']
[0.316s] Level 1:colcon.colcon_core.package_identification:_identify(.) by extension 'colcon_meta'
[0.316s] Level 1:colcon.colcon_core.package_identification:_identify(.) by extensions ['ros']
[0.316s] Level 1:colcon.colcon_core.package_identification:_identify(.) by extension 'ros'
[0.333s] Level 1:colcon.colcon_core.package_identification:_identify(.) by extensions ['cmake', 'python']
[0.333s] Level 1:colcon.colcon_core.package_identification:_identify(.) by extension 'cmake'
[0.333s] Level 1:colcon.colcon_core.package_identification:_identify(.) by extension 'python'
[0.333s] Level 1:colcon.colcon_core.package_identification:_identify(.) by extensions ['python_setup_py']
[0.333s] Level 1:colcon.colcon_core.package_identification:_identify(.) by extension 'python_setup_py'
[0.333s] Level 1:colcon.colcon_core.package_identification:_identify(build) by extensions ['ignore', 'ignore_ament_install']
[0.333s] Level 1:colcon.colcon_core.package_identification:_identify(build) by extension 'ignore'
[0.334s] Level 1:colcon.colcon_core.package_identification:_identify(build) ignored
[0.334s] Level 1:colcon.colcon_core.package_identification:_identify(install) by extensions ['ignore', 'ignore_ament_install']
[0.334s] Level 1:colcon.colcon_core.package_identification:_identify(install) by extension 'ignore'
[0.334s] Level 1:colcon.colcon_core.package_identification:_identify(install) ignored
[0.334s] Level 1:colcon.colcon_core.package_identification:_identify(log) by extensions ['ignore', 'ignore_ament_install']
[0.334s] Level 1:colcon.colcon_core.package_identification:_identify(log) by extension 'ignore'
[0.334s] Level 1:colcon.colcon_core.package_identification:_identify(log) ignored
[0.334s] Level 1:colcon.colcon_core.package_identification:_identify(src) by extensions ['ignore', 'ignore_ament_install']
[0.334s] Level 1:colcon.colcon_core.package_identification:_identify(src) by extension 'ignore'
[0.334s] Level 1:colcon.colcon_core.package_identification:_identify(src) by extension 'ignore_ament_install'
[0.334s] Level 1:colcon.colcon_core.package_identification:_identify(src) by extensions ['colcon_pkg']
[0.334s] Level 1:colcon.colcon_core.package_identification:_identify(src) by extension 'colcon_pkg'
[0.334s] Level 1:colcon.colcon_core.package_identification:_identify(src) by extensions ['colcon_meta']
[0.334s] Level 1:colcon.colcon_core.package_identification:_identify(src) by extension 'colcon_meta'
[0.334s] Level 1:colcon.colcon_core.package_identification:_identify(src) by extensions ['ros']
[0.334s] Level 1:colcon.colcon_core.package_identification:_identify(src) by extension 'ros'
[0.334s] Level 1:colcon.colcon_core.package_identification:_identify(src) by extensions ['cmake', 'python']
[0.334s] Level 1:colcon.colcon_core.package_identification:_identify(src) by extension 'cmake'
[0.334s] Level 1:colcon.colcon_core.package_identification:_identify(src) by extension 'python'
[0.334s] Level 1:colcon.colcon_core.package_identification:_identify(src) by extensions ['python_setup_py']
[0.334s] Level 1:colcon.colcon_core.package_identification:_identify(src) by extension 'python_setup_py'
[0.335s] Level 1:colcon.colcon_core.package_identification:_identify(src/line_tracker) by extensions ['ignore', 'ignore_ament_install']
[0.335s] Level 1:colcon.colcon_core.package_identification:_identify(src/line_tracker) by extension 'ignore'
[0.335s] Level 1:colcon.colcon_core.package_identification:_identify(src/line_tracker) by extension 'ignore_ament_install'
[0.335s] Level 1:colcon.colcon_core.package_identification:_identify(src/line_tracker) by extensions ['colcon_pkg']
[0.335s] Level 1:colcon.colcon_core.package_identification:_identify(src/line_tracker) by extension 'colcon_pkg'
[0.335s] Level 1:colcon.colcon_core.package_identification:_identify(src/line_tracker) by extensions ['colcon_meta']
[0.335s] Level 1:colcon.colcon_core.package_identification:_identify(src/line_tracker) by extension 'colcon_meta'
[0.335s] Level 1:colcon.colcon_core.package_identification:_identify(src/line_tracker) by extensions ['ros']
[0.335s] Level 1:colcon.colcon_core.package_identification:_identify(src/line_tracker) by extension 'ros'
[0.347s] DEBUG:colcon.colcon_core.package_identification:Package 'src/line_tracker' with type 'ros.ament_python' and name 'line_tracker'
[0.347s] Level 1:colcon.colcon_core.package_discovery:discover_packages(recursive) using defaults
[0.347s] Level 1:colcon.colcon_core.package_discovery:discover_packages(ignore) discover
[0.347s] Level 1:colcon.colcon_core.package_discovery:discover_packages(ignore) using defaults
[0.347s] Level 1:colcon.colcon_core.package_discovery:discover_packages(path) discover
[0.347s] Level 1:colcon.colcon_core.package_discovery:discover_packages(path) using defaults
[0.372s] Level 1:colcon.colcon_core.package_discovery:discover_packages(prefix_path) check parameters
[0.372s] Level 1:colcon.colcon_core.package_discovery:discover_packages(prefix_path) discover
[0.375s] DEBUG:colcon.colcon_installed_package_information.package_discovery:Found 16 installed packages in /home/pes1ug23cs679/turtlebot3_ws/install
[0.375s] DEBUG:colcon.colcon_installed_package_information.package_discovery:Found 1 installed packages in /home/pes1ug23cs679/dev_ws/install
[0.375s] DEBUG:colcon.colcon_installed_package_information.package_discovery:Found 2 installed packages in /home/pes1ug23cs679/ros2_ws/install
[0.377s] DEBUG:colcon.colcon_installed_package_information.package_discovery:Found 475 installed packages in /opt/ros/humble
[0.380s] Level 1:colcon.colcon_core.package_discovery:discover_packages(prefix_path) using defaults
[0.445s] Level 5:colcon.colcon_core.verb:set package 'line_tracker' build argument 'cmake_args' from command line to 'None'
[0.445s] Level 5:colcon.colcon_core.verb:set package 'line_tracker' build argument 'cmake_target' from command line to 'None'
[0.445s] Level 5:colcon.colcon_core.verb:set package 'line_tracker' build argument 'cmake_target_skip_unavailable' from command line to 'False'
[0.445s] Level 5:colcon.colcon_core.verb:set package 'line_tracker' build argument 'cmake_clean_cache' from command line to 'False'
[0.445s] Level 5:colcon.colcon_core.verb:set package 'line_tracker' build argument 'cmake_clean_first' from command line to 'False'
[0.445s] Level 5:colcon.colcon_core.verb:set package 'line_tracker' build argument 'cmake_force_configure' from command line to 'False'
[0.445s] Level 5:colcon.colcon_core.verb:set package 'line_tracker' build argument 'ament_cmake_args' from command line to 'None'
[0.445s] Level 5:colcon.colcon_core.verb:set package 'line_tracker' build argument 'catkin_cmake_args' from command line to 'None'
[0.445s] Level 5:colcon.colcon_core.verb:set package 'line_tracker' build argument 'catkin_skip_building_tests' from command line to 'False'
[0.445s] DEBUG:colcon.colcon_core.verb:Building package 'line_tracker' with the following arguments: {'ament_cmake_args': None, 'build_base': '/home/pes1ug23cs679/mars_anti2/build/line_tracker', 'catkin_cmake_args': None, 'catkin_skip_building_tests': False, 'cmake_args': None, 'cmake_clean_cache': False, 'cmake_clean_first': False, 'cmake_force_configure': False, 'cmake_target': None, 'cmake_target_skip_unavailable': False, 'install_base': '/home/pes1ug23cs679/mars_anti2/install/line_tracker', 'merge_install': False, 'path': '/home/pes1ug23cs679/mars_anti2/src/line_tracker', 'symlink_install': True, 'test_result_base': None}
[0.445s] INFO:colcon.colcon_core.executor:Executing jobs using 'parallel' executor
[0.446s] DEBUG:colcon.colcon_parallel_executor.executor.parallel:run_until_complete
[0.446s] INFO:colcon.colcon_ros.task.ament_python.build:Building ROS package in '/home/pes1ug23cs679/mars_anti2/src/line_tracker' with build type 'ament_python'
[0.446s] Level 1:colcon.colcon_core.shell:create_environment_hook('line_tracker', 'ament_prefix_path')
[0.448s] INFO:colcon.colcon_core.plugin_system:Skipping extension 'colcon_core.shell.bat': Not used on non-Windows systems
[0.448s] INFO:colcon.colcon_core.shell:Creating environment hook '/home/pes1ug23cs679/mars_anti2/install/line_tracker/share/line_tracker/hook/ament_prefix_path.ps1'
[0.450s] INFO:colcon.colcon_core.shell:Creating environment descriptor '/home/pes1ug23cs679/mars_anti2/install/line_tracker/share/line_tracker/hook/ament_prefix_path.dsv'
[0.453s] INFO:colcon.colcon_core.shell:Creating environment hook '/home/pes1ug23cs679/mars_anti2/install/line_tracker/share/line_tracker/hook/ament_prefix_path.sh'
[0.458s] INFO:colcon.colcon_core.shell:Skip shell extension 'powershell' for command environment: Not usable outside of PowerShell
[0.459s] DEBUG:colcon.colcon_core.shell:Skip shell extension 'dsv' for command environment
[0.878s] INFO:colcon.colcon_core.task.python.build:Building Python package in '/home/pes1ug23cs679/mars_anti2/src/line_tracker'
[0.878s] INFO:colcon.colcon_core.shell:Skip shell extension 'powershell' for command environment: Not usable outside of PowerShell
[0.878s] DEBUG:colcon.colcon_core.shell:Skip shell extension 'dsv' for command environment
[1.433s] DEBUG:colcon.colcon_core.event_handler.log_command:Invoking command in '/home/pes1ug23cs679/mars_anti2/build/line_tracker': PYTHONPATH=/home/pes1ug23cs679/mars_anti2/build/line_tracker/prefix_override:/usr/lib/python3/dist-packages/colcon_core/task/python/colcon_distutils_commands:/home/pes1ug23cs679/mars_anti2/install/line_tracker/lib/python3.10/site-packages:${PYTHONPATH} /usr/bin/python3 -W ignore:setup.py install is deprecated -W ignore:easy_install command is deprecated setup.py develop --editable --build-directory /home/pes1ug23cs679/mars_anti2/build/line_tracker/build --no-deps symlink_data
[2.112s] Level 1:colcon.colcon_core.shell:create_environment_hook('line_tracker', 'pythonpath_develop')
[2.112s] INFO:colcon.colcon_core.shell:Creating environment hook '/home/pes1ug23cs679/mars_anti2/build/line_tracker/share/line_tracker/hook/pythonpath_develop.ps1'
[2.113s] DEBUG:colcon.colcon_core.event_handler.log_command:Invoked command in '/home/pes1ug23cs679/mars_anti2/build/line_tracker' returned '0': PYTHONPATH=/home/pes1ug23cs679/mars_anti2/build/line_tracker/prefix_override:/usr/lib/python3/dist-packages/colcon_core/task/python/colcon_distutils_commands:/home/pes1ug23cs679/mars_anti2/install/line_tracker/lib/python3.10/site-packages:${PYTHONPATH} /usr/bin/python3 -W ignore:setup.py install is deprecated -W ignore:easy_install command is deprecated setup.py develop --editable --build-directory /home/pes1ug23cs679/mars_anti2/build/line_tracker/build --no-deps symlink_data
[2.113s] INFO:colcon.colcon_core.shell:Creating environment descriptor '/home/pes1ug23cs679/mars_anti2/build/line_tracker/share/line_tracker/hook/pythonpath_develop.dsv'
[2.114s] INFO:colcon.colcon_core.shell:Creating environment hook '/home/pes1ug23cs679/mars_anti2/build/line_tracker/share/line_tracker/hook/pythonpath_develop.sh'
[2.116s] Level 1:colcon.colcon_core.environment:checking '/home/pes1ug23cs679/mars_anti2/install/line_tracker' for CMake module files
[2.116s] Level 1:colcon.colcon_core.environment:checking '/home/pes1ug23cs679/mars_anti2/install/line_tracker' for CMake config files
[2.117s] Level 1:colcon.colcon_core.environment:checking '/home/pes1ug23cs679/mars_anti2/install/line_tracker/lib'
[2.118s] Level 1:colcon.colcon_core.environment:checking '/home/pes1ug23cs679/mars_anti2/install/line_tracker/bin'
[2.118s] Level 1:colcon.colcon_core.environment:checking '/home/pes1ug23cs679/mars_anti2/install/line_tracker/lib/pkgconfig/line_tracker.pc'
[2.118s] Level 1:colcon.colcon_core.environment:checking '/home/pes1ug23cs679/mars_anti2/install/line_tracker/lib/python3.10/site-packages'
[2.118s] Level 1:colcon.colcon_core.shell:create_environment_hook('line_tracker', 'pythonpath')
[2.118s] INFO:colcon.colcon_core.shell:Creating environment hook '/home/pes1ug23cs679/mars_anti2/install/line_tracker/share/line_tracker/hook/pythonpath.ps1'
[2.118s] INFO:colcon.colcon_core.shell:Creating environment descriptor '/home/pes1ug23cs679/mars_anti2/install/line_tracker/share/line_tracker/hook/pythonpath.dsv'
[2.119s] INFO:colcon.colcon_core.shell:Creating environment hook '/home/pes1ug23cs679/mars_anti2/install/line_tracker/share/line_tracker/hook/pythonpath.sh'
[2.119s] Level 1:colcon.colcon_core.environment:checking '/home/pes1ug23cs679/mars_anti2/install/line_tracker/bin'
[2.119s] Level 1:colcon.colcon_core.environment:create_environment_scripts_only(line_tracker)
[2.120s] INFO:colcon.colcon_core.shell:Creating package script '/home/pes1ug23cs679/mars_anti2/install/line_tracker/share/line_tracker/package.ps1'
[2.120s] INFO:colcon.colcon_core.shell:Creating package descriptor '/home/pes1ug23cs679/mars_anti2/install/line_tracker/share/line_tracker/package.dsv'
[2.121s] INFO:colcon.colcon_core.shell:Creating package script '/home/pes1ug23cs679/mars_anti2/install/line_tracker/share/line_tracker/package.sh'
[2.122s] INFO:colcon.colcon_core.shell:Creating package script '/home/pes1ug23cs679/mars_anti2/install/line_tracker/share/line_tracker/package.bash'
[2.122s] INFO:colcon.colcon_core.shell:Creating package script '/home/pes1ug23cs679/mars_anti2/install/line_tracker/share/line_tracker/package.zsh'
[2.123s] Level 1:colcon.colcon_core.environment:create_file_with_runtime_dependencies(/home/pes1ug23cs679/mars_anti2/install/line_tracker/share/colcon-core/packages/line_tracker)
[2.124s] DEBUG:colcon.colcon_parallel_executor.executor.parallel:closing loop
[2.124s] DEBUG:colcon.colcon_parallel_executor.executor.parallel:loop closed
[2.124s] DEBUG:colcon.colcon_parallel_executor.executor.parallel:run_until_complete finished with '0'
[2.124s] DEBUG:colcon.colcon_core.event_reactor:joining thread
[2.129s] INFO:colcon.colcon_core.plugin_system:Skipping extension 'colcon_notification.desktop_notification.terminal_notifier': Not used on non-Darwin systems
[2.129s] INFO:colcon.colcon_core.plugin_system:Skipping extension 'colcon_notification.desktop_notification.win32': Not used on non-Windows systems
[2.129s] INFO:colcon.colcon_notification.desktop_notification:Sending desktop notification using 'notify2'
[2.147s] DEBUG:colcon.colcon_core.event_reactor:joined thread
[2.147s] INFO:colcon.colcon_core.shell:Creating prefix script '/home/pes1ug23cs679/mars_anti2/install/local_setup.ps1'
[2.148s] INFO:colcon.colcon_core.shell:Creating prefix util module '/home/pes1ug23cs679/mars_anti2/install/_local_setup_util_ps1.py'
[2.151s] INFO:colcon.colcon_core.shell:Creating prefix chain script '/home/pes1ug23cs679/mars_anti2/install/setup.ps1'
[2.152s] INFO:colcon.colcon_core.shell:Creating prefix script '/home/pes1ug23cs679/mars_anti2/install/local_setup.sh'
[2.153s] INFO:colcon.colcon_core.shell:Creating prefix util module '/home/pes1ug23cs679/mars_anti2/install/_local_setup_util_sh.py'
[2.154s] INFO:colcon.colcon_core.shell:Creating prefix chain script '/home/pes1ug23cs679/mars_anti2/install/setup.sh'
[2.155s] INFO:colcon.colcon_core.shell:Creating prefix script '/home/pes1ug23cs679/mars_anti2/install/local_setup.bash'
[2.156s] INFO:colcon.colcon_core.shell:Creating prefix chain script '/home/pes1ug23cs679/mars_anti2/install/setup.bash'
[2.157s] INFO:colcon.colcon_core.shell:Creating prefix script '/home/pes1ug23cs679/mars_anti2/install/local_setup.zsh'
[2.158s] INFO:colcon.colcon_core.shell:Creating prefix chain script '/home/pes1ug23cs679/mars_anti2/install/setup.zsh'
